automerge: false
parallel_apply: true
parallel_plan: true
projects:
- autoplan:
    enabled: false
    when_modified:
    - '*.hcl'
    - '*.tf*'
    - ../../parent/folder_under_parent/common_tags.hcl
    - ../file_in_parent_of_child.json
    - some_child_dep
    - some_parent_dep
  dir: deep/child
- autoplan:
    enabled: false
    when_modified:
    - '*.hcl'
    - '*.tf*'
    - ../../parent/folder_under_parent/common_tags.hcl
    - ../file_in_parent_of_child.json
    - local_tags.yaml
    - some_child_dep
    - some_parent_dep
  dir: deep_with_local_tags_file/child
version: 3
